2026-09-21 02:37:15Z hourly growth swarm starting
2026-09-21 02:37:16Z From https://github.com/ragunauth123456-maker/PrismBay
2026-09-21 02:37:16Z  * branch            main       -> FETCH_HEAD
2026-09-21 02:37:16Z Already up to date.
2026-09-21 02:37:16Z {
2026-09-21 02:37:16Z   "role": "Trend Scout",
2026-09-21 02:37:16Z   "startedAt": "2026-09-21T02:37:16.297Z",
2026-09-21 02:37:16Z   "finishedAt": "2026-09-21T02:37:16.298Z",
2026-09-21 02:37:16Z   "result": {
2026-09-21 02:37:16Z     "priorityProducts": [
2026-09-21 02:37:16Z       "Cordless Pressure Washer",
2026-09-21 02:37:16Z       "Cordless Handheld Vacuum",
2026-09-21 02:37:16Z       "5-in-1 Electric Spin Scrubber",
2026-09-21 02:37:16Z       "Mattress Vacuum",
2026-09-21 02:37:16Z       "Portable Garment Steamer"
2026-09-21 02:37:16Z     ],
2026-09-21 02:37:16Z     "liveResearchQueries": [
2026-09-21 02:37:16Z       "TikTok Shop US cleaning tools current demand",
2026-09-21 02:37:16Z       "TikTok Shop cordless pressure washer current demand",
2026-09-21 02:37:16Z       "TikTok Shop electric spin scrubber current demand",
2026-09-21 02:37:16Z       "TikTok Shop garment steamer current demand"
2026-09-21 02:37:16Z     ],
2026-09-21 02:37:16Z     "instruction": "Use connected live-web research to validate demand before changing product priority."
2026-09-21 02:37:16Z   }
2026-09-21 02:37:16Z }
2026-09-21 02:37:16Z {
2026-09-21 02:37:16Z   "role": "Hook/Creative Writer",
2026-09-21 02:37:16Z   "startedAt": "2026-09-21T02:37:16.359Z",
2026-09-21 02:37:16Z   "finishedAt": "2026-09-21T02:37:16.360Z",
2026-09-21 02:37:16Z   "result": {
2026-09-21 02:37:16Z     "product": "5-in-1 Electric Spin Scrubber",
2026-09-21 02:37:16Z     "hooks": [
2026-09-21 02:37:16Z       "Still doing this by hand? Meet the 5-in-1 Electric Spin Scrubber.",
2026-09-21 02:37:16Z       "One practical tool for the mess you keep putting off: 5-in-1 Electric Spin Scrubber.",
2026-09-21 02:37:16Z       "Quick reset idea: use the 5-in-1 Electric Spin Scrubber where it actually saves effort."
2026-09-21 02:37:16Z     ],
2026-09-21 02:37:16Z     "cta": "See the product details at PrismBay Clean.",
2026-09-21 02:37:16Z     "note": "No unverified performance claims are added."
2026-09-21 02:37:16Z   }
2026-09-21 02:37:16Z }
2026-09-21 02:37:17Z {
2026-09-21 02:37:17Z   "role": "Storefront CRO Auditor",
2026-09-21 02:37:17Z   "startedAt": "2026-09-21T02:37:16.432Z",
2026-09-21 02:37:17Z   "finishedAt": "2026-09-21T02:37:17.777Z",
2026-09-21 02:37:17Z   "result": {
2026-09-21 02:37:17Z     "activeStorefront": {
2026-09-21 02:37:17Z       "target": "https://prismbay-clean-49izhg.v2.appdeploy.ai/tiktok/",
2026-09-21 02:37:17Z       "status": 200,
2026-09-21 02:37:17Z       "finalUrl": "https://prismbay-clean-49izhg.v2.appdeploy.ai/tiktok/",
2026-09-21 02:37:17Z       "title": "PrismBay Clean TikTok Shop | Cleaning &amp; Home Products",
2026-09-21 02:37:17Z       "description": "Shop PrismBay Clean products featured on TikTok, including spin scrubbers, pressure washers, garment steamers, pet hair removers, mattress vacuums and practical home tools.",
2026-09-21 02:37:17Z       "canonical": "https://prismbay-clean-49izhg.v2.appdeploy.ai/tiktok/",
2026-09-21 02:37:17Z       "h1": "Cleaning and home products featured by PrismBay Clean",
2026-09-21 02:37:17Z       "ctaCount": 18,
2026-09-21 02:37:17Z       "hasProductSchema": false,
2026-09-21 02:37:17Z       "hasExpiredAugustCopy": false
2026-09-21 02:37:17Z     },
2026-09-21 02:37:17Z     "customDomain": {
2026-09-21 02:37:17Z       "target": "https://shop.prismbayai.com/tiktok",
2026-09-21 02:37:17Z       "status": 404,
2026-09-21 02:37:17Z       "finalUrl": "https://shop.prismbayai.com/tiktok",
2026-09-21 02:37:17Z       "title": "AI Business System Blueprints | PrismBay",
2026-09-21 02:37:17Z       "description": "Complete AI business systems with workflows, architecture diagrams, revenue models &amp; implementation plans. Browse, evaluate, and download instantly.",
2026-09-21 02:37:17Z       "canonical": "",
2026-09-21 02:37:17Z       "h1": "Page not found",
2026-09-21 02:37:17Z       "ctaCount": 6,
2026-09-21 02:37:17Z       "hasProductSchema": false,
2026-09-21 02:37:17Z       "hasExpiredAugustCopy": false
2026-09-21 02:37:17Z     }
2026-09-21 02:37:17Z   }
2026-09-21 02:37:17Z }
2026-09-21 02:37:17Z {
2026-09-21 02:37:17Z   "role": "Creator/Partner Scout",
2026-09-21 02:37:17Z   "startedAt": "2026-09-21T02:37:17.843Z",
2026-09-21 02:37:17Z   "finishedAt": "2026-09-21T02:37:17.844Z",
2026-09-21 02:37:17Z   "result": {
2026-09-21 02:37:17Z     "segments": [
2026-09-21 02:37:17Z       "CleanTok",
2026-09-21 02:37:17Z       "home organization",
2026-09-21 02:37:17Z       "car cleaning",
2026-09-21 02:37:17Z       "pet hair",
2026-09-21 02:37:17Z       "household tools"
2026-09-21 02:37:17Z     ],
2026-09-21 02:37:17Z     "qualification": [
2026-09-21 02:37:17Z       "recent relevant content",
2026-09-21 02:37:17Z       "real engagement",
2026-09-21 02:37:17Z       "clear contact route",
2026-09-21 02:37:17Z       "commission/revenue-share fit",
2026-09-21 02:37:17Z       "no paid-upfront requirement"
2026-09-21 02:37:17Z     ],
2026-09-21 02:37:17Z     "outreachRule": "Do not bulk-spam. Contact only qualified creators with a relevant product angle."
2026-09-21 02:37:17Z   }
2026-09-21 02:37:17Z }
2026-09-21 02:37:19Z {
2026-09-21 02:37:19Z   "role": "Publisher",
2026-09-21 02:37:19Z   "startedAt": "2026-09-21T02:37:17.919Z",
2026-09-21 02:37:19Z   "finishedAt": "2026-09-21T02:37:19.176Z",
2026-09-21 02:37:19Z   "result": {
2026-09-21 02:37:19Z     "checks": [
2026-09-21 02:37:19Z       {
2026-09-21 02:37:19Z         "url": "https://www.prismbayai.com/terms",
2026-09-21 02:37:19Z         "status": 200,
2026-09-21 02:37:19Z         "ok": true,
2026-09-21 02:37:19Z         "finalUrl": "https://www.prismbayai.com/terms",
2026-09-21 02:37:19Z         "bodyPreview": "Terms of Service GÇö PrismBay {\"@context\":\"https://schema.org\",\"@type\":\"BreadcrumbList\",\"itemListElement\":[{\"@type\":\"ListItem\",\"position\":1,\"name\":\"Home\",\"item\":\""
2026-09-21 02:37:19Z       },
2026-09-21 02:37:19Z       {
2026-09-21 02:37:19Z         "url": "https://www.prismbayai.com/privacy",
2026-09-21 02:37:19Z         "status": 200,
2026-09-21 02:37:19Z         "ok": true,
2026-09-21 02:37:19Z         "finalUrl": "https://www.prismbayai.com/privacy",
2026-09-21 02:37:19Z         "bodyPreview": "Privacy Policy GÇö PrismBay {\"@context\":\"https://schema.org\",\"@type\":\"BreadcrumbList\",\"itemListElement\":[{\"@type\":\"ListItem\",\"position\":1,\"name\":\"Home\",\"item\":\"ht"
2026-09-21 02:37:19Z       },
2026-09-21 02:37:19Z       {
2026-09-21 02:37:19Z         "url": "https://www.prismbayai.com/tiktokioWxniaZWfubplFsqe1pzgPGhS04LORJ.txt",
2026-09-21 02:37:19Z         "status": 404,
2026-09-21 02:37:19Z         "ok": false,
2026-09-21 02:37:19Z         "finalUrl": "https://www.prismbayai.com/tiktokioWxniaZWfubplFsqe1pzgPGhS04LORJ.txt",
2026-09-21 02:37:19Z         "bodyPreview": "AI Business System Blueprints | PrismBay Skip to content Prism Bay Products Bundles Compare Demos Resources Partners Sign In 404 Page not found The page you&#x2"
2026-09-21 02:37:19Z       }
2026-09-21 02:37:19Z     ],
2026-09-21 02:37:19Z     "tiktokVerificationReady": false
2026-09-21 02:37:19Z   }
2026-09-21 02:37:19Z }
2026-09-21 02:37:19Z {
2026-09-21 02:37:19Z   "role": "Analytics Reviewer",
2026-09-21 02:37:19Z   "startedAt": "2026-09-21T02:37:19.248Z",
2026-09-21 02:37:19Z   "finishedAt": "2026-09-21T02:37:19.701Z",
2026-09-21 02:37:19Z   "result": {
2026-09-21 02:37:19Z     "statusEndpoint": "https://prismbay-sales-control-plane-production.up.railway.app/status",
2026-09-21 02:37:19Z     "httpStatus": 200,
2026-09-21 02:37:19Z     "live": true,
2026-09-21 02:37:19Z     "reported": {
2026-09-21 02:37:19Z       "region": "iad",
2026-09-21 02:37:19Z       "service_purpose": "PrismBay TikTok Sales Control Plane",
2026-09-21 02:37:19Z       "mode": "PrismBay TikTok sales control plane",
2026-09-21 02:37:19Z       "timestamp": "2026-09-20T18:12:50.400Z"
2026-09-21 02:37:19Z     },
2026-09-21 02:37:19Z     "rule": "Internal/test traffic is not counted as demand or revenue."
2026-09-21 02:37:19Z   }
2026-09-21 02:37:19Z }
2026-09-21 02:37:20Z {
2026-09-21 02:37:20Z   "role": "Offer Optimizer",
2026-09-21 02:37:20Z   "startedAt": "2026-09-21T02:37:19.764Z",
2026-09-21 02:37:20Z   "finishedAt": "2026-09-21T02:37:20.087Z",
2026-09-21 02:37:20Z   "result": {
2026-09-21 02:37:20Z     "shopStatus": 200,
2026-09-21 02:37:20Z     "countdownText": null,
2026-09-21 02:37:20Z     "saleEndText": null,
2026-09-21 02:37:20Z     "staleAugustCopy": false,
2026-09-21 02:37:20Z     "recommendation": "Keep price/value claims tied to live checkout values; remove expired urgency immediately."
2026-09-21 02:37:20Z   }
2026-09-21 02:37:20Z }
2026-09-21 02:37:21Z {
2026-09-21 02:37:21Z   "role": "GitHub Support Scout",
2026-09-21 02:37:21Z   "startedAt": "2026-09-21T02:37:20.167Z",
2026-09-21 02:37:21Z   "finishedAt": "2026-09-21T02:37:21.421Z",
2026-09-21 02:37:21Z   "result": {
2026-09-21 02:37:21Z     "repos": [
2026-09-21 02:37:21Z       {
2026-09-21 02:37:21Z         "repo": "puppeteer/puppeteer",
2026-09-21 02:37:21Z         "status": 200,
2026-09-21 02:37:21Z         "updatedAt": "2026-09-21T00:33:26Z",
2026-09-21 02:37:21Z         "pushedAt": "2026-09-20T02:07:16Z",
2026-09-21 02:37:21Z         "stars": 95598,
2026-09-21 02:37:21Z         "license": "Apache-2.0"
2026-09-21 02:37:21Z       },
2026-09-21 02:37:21Z       {
2026-09-21 02:37:21Z         "repo": "browser-use/browser-use",
2026-09-21 02:37:21Z         "status": 200,
2026-09-21 02:37:21Z         "updatedAt": "2026-09-21T02:35:57Z",
2026-09-21 02:37:21Z         "pushedAt": "2026-09-18T22:34:42Z",
2026-09-21 02:37:21Z         "stars": 115571,
2026-09-21 02:37:21Z         "license": "MIT"
2026-09-21 02:37:21Z       },
2026-09-21 02:37:21Z       {
2026-09-21 02:37:21Z         "repo": "microsoft/playwright",
2026-09-21 02:37:21Z         "status": 200,
2026-09-21 02:37:21Z         "updatedAt": "2026-09-21T02:25:21Z",
2026-09-21 02:37:21Z         "pushedAt": "2026-09-21T01:44:32Z",
2026-09-21 02:37:21Z         "stars": 96425,
2026-09-21 02:37:21Z         "license": "Apache-2.0"
2026-09-21 02:37:21Z       },
2026-09-21 02:37:21Z       {
2026-09-21 02:37:21Z         "repo": "honojs/hono",
2026-09-21 02:37:21Z         "status": 200,
2026-09-21 02:37:21Z         "updatedAt": "2026-09-21T01:04:42Z",
2026-09-21 02:37:21Z         "pushedAt": "2026-09-20T09:25:49Z",
2026-09-21 02:37:21Z         "stars": 32288,
2026-09-21 02:37:21Z         "license": "MIT"
2026-09-21 02:37:21Z       }
2026-09-21 02:37:21Z     ],
2026-09-21 02:37:21Z     "use": "Reference only; adopt code only after license and fit review."
2026-09-21 02:37:21Z   }
2026-09-21 02:37:21Z }
